// Jest Snapshot v1, https://goo.gl/fbAQLP

exports[`Conversation action should return an action of type RECEIVE_MESSAGE 1`] = `
Object {
  "message": Object {
    "message": "hi there!",
    "to": "randomuser",
  },
  "type": "RECEIVE_MESSAGE",
}
`;
