// Jest Snapshot v1, https://goo.gl/fbAQLP

exports[`<Avatar /> renders Avatar 1`] = `
<styled.img
  alt="my-lovely-username"
  size="medium"
  src="/images/my-lovely-username_lg.jpg"
/>
`;
